"""A multi-line
docstring.
"""

"""A multi-line
docstring.
"""

"""My docstring.

   My indented section
"""
