var = """A multi-line
docstring"""

var = """A multi-line
docstring
"""
