def func():
    """A docstring."""

    def inner_func():
        """A docstring."""
