class MyClass:
    """Summary.

    Body.
    """

    class InnerClass:
        """Summary.

        Body.
        """


class MyClass:
    """Summary without period Body."""

    class InnerClass:
        """Summary without period Body."""


class MyClass:
    """Summary.

    Body without period
    """

    class InnerClass:
        """Summary.

        Body without period
        """


class MyClass:
    """Summary.

    Body without period
    """

    class InnerClass:
        """Summary.

        Body without period
        """


class MyClass:
    """Summary over multiple
    lines.
    """
