class MyClass:
    """We shouldn't split sys.path."""


def func():
    """We should not add extra lines after the dot
    to it.
    """


def func():
    """We should not split for e.g. here."""


def func():
    """We should not split for i.e. here."""


def func():
    """We should not add line after i.e., sys.path, e.g., etc. but etc. in particular.

    is harder right ?
    """
