MYVAR = 1
"""Summary.

Body.
"""

MYVAR = 1
"""Summary without period Body."""

MYVAR = 1
"""Summary.

Body without period
"""

MYVAR = 1
"""Summary.

Body without period
"""
