def a(self):
    """'A.m.' or 'p.m.'."""

def b(self):
    """'a.m.' or 'p.m.'."""

def c(self):
    """'''a.m.''' or 'p.m.'."""

def d(self):
    """'''a.m.''' or 'p.m.'."""
