MYVAR = 1
"""A multi-line.

docstring
"""

MYVAR = 1
"""A multi-line.

docstring
"""
