class MyClass:
    """Docstring."""

    class InnerClass:
        """Docstring."""


class MyClass:
    """A multi-line
    docstring
    """

    class InnerClass:
        """A multi-line
        docstring
        """


class MyClass:
    """Summary.

    docstring
    """

    class InnerClass:
        """Summary.

        docstring
        """
