def func()
    """Docstring."""

    def inner_func()
        """Docstring."""


def func()
    """A multi-line
    docstring
    """

    def inner_func()
        """A multi-line
        docstring
        """


def func()
    """Summary.

    docstring
    """

    def inner_func()
        """Summary.

        docstring
        """
