def func():
    def inner_func():
        """Summary
        ==========

        docstring
        """

    def inner_func():
        """Summary
        ----------

        docstring
        """

    def inner_func():
        """Summary
        ^^^^^^^^^^

        docstring
        """

    def inner_func():
        """Summary
        **********

        docstring
        """

    def inner_func():
        """Summary
        ^^^^^^^^^^

        docstring
        """

    def inner_func():
        """Summary
        aaaaaaaaaa

        docstring
        """
