"""Docstring."""

"""A multi-line
docstring
"""

"""Summary.

docstring
"""
