class MyClass:
    """A multi-line
    docstring
    """

    class InnerClass:
        """A multi-line
        docstring
        """


class MyClass:
    """A multi-line
    docstring
    """

    class InnerClass:
        """A multi-line
        docstring
        """


class MyClass:
    """A docstring."""

    class InnerClass:
        """A docstring."""


class MyClass:
    """A docstring."""

    class InnerClass:
        """A docstring."""
