def func():
    """A docstring."""

    def inner_func():
        """A docstring."""


def func(named_parameter: str) -> None:
    """'named_parameter' should have a nice name.

    Other information here
    """
    print(named_parameter)


def func():
    """
    A multi-line
    docstring.
    """

    def inner_func():
        """A multi-line
        docstring.
        """
